Profiling firewall-lock cycles

Binary:
  /home/digitaldrreamer/Documents/Projects/ckb-transaction-firewall/contracts/firewall-lock/target/riscv64imac-unknown-none-elf/release/firewall-lock

Running cycle probe tests...

running 5 tests
CYCLE_PROBE_HAPPY_PATH_LOCK_ONLY=145053
test test_cycle_probe_happy_path_lock_only ... ok
CYCLE_PROBE_HAPPY_PATH_VERY_LARGE_REGISTRY_BOTH_CHECKS=2261167
test test_cycle_probe_happy_path_very_large_registry_both_checks ... ok
CYCLE_PROBE_HAPPY_PATH_BOTH_CHECKS=150685
CYCLE_PROBE_HAPPY_PATH_TYPE_ONLY=149922
test test_cycle_probe_happy_path_both_checks ... ok
test test_cycle_probe_happy_path_type_only ... ok
CYCLE_PROBE_HAPPY_PATH_LARGE_REGISTRY_BOTH_CHECKS=673417
test test_cycle_probe_happy_path_large_registry_both_checks ... ok

test result: ok. 5 passed; 0 failed; 0 ignored; 0 measured; 10 filtered out; finished in 0.02s


Happy path lock-only cycles: 145053
Happy path type-only cycles: 149922
Happy path both-checks cycles: 150685
Happy path large-registry (512 entries) both-checks cycles: 673417
Happy path very-large-registry (2000 entries) both-checks cycles: 2261167

Updating CYCLE_REPORT.md...
Done. Report file: /home/digitaldrreamer/Documents/Projects/ckb-transaction-firewall/contracts/firewall-lock/CYCLE_REPORT.md

Optional advanced profiling:
Use ckb-debugger with tx snapshots when available for per-scenario low-level VM traces.
